[00:01:12] [Async Chat Thread - #13/INFO]: [Not Secure] <Geruu> densidad 2?
[00:01:31] [Server thread/INFO]: juanchopepito2 lost connection: Disconnected
[00:01:31] [Server thread/INFO]: juanchopepito2 left the game
[00:43:28] [User Authenticator #3/INFO]: UUID of player juanchopepito2 is 40389a6e-ea9b-3aba-9268-250987e03088
[00:43:29] [Server thread/INFO]: juanchopepito2 joined the game
[00:43:29] [Server thread/INFO]: juanchopepito2[/127.209.152.144:60757] logged in with entity id 66386 at ([world]-188.96502590380854, 64.0, -1347.300000011921)
[00:43:34] [Server thread/INFO]: Geruu issued server command: /tpo juanchopepito2
[00:44:14] [Server thread/INFO]: juanchopepito2 lost connection: Timed out
[00:44:14] [Server thread/INFO]: juanchopepito2 left the game
[00:47:48] [User Authenticator #4/INFO]: UUID of player juanchopepito2 is 40389a6e-ea9b-3aba-9268-250987e03088
[00:47:50] [Server thread/INFO]: juanchopepito2 joined the game
[00:47:50] [Server thread/INFO]: juanchopepito2[/127.209.152.144:52063] logged in with entity id 68075 at ([world]-193.20854040819194, 64.0, -1349.3702756780094)
[00:48:35] [Server thread/INFO]: juanchopepito2 lost connection: Timed out
[00:48:35] [Server thread/INFO]: juanchopepito2 left the game
[00:48:54] [User Authenticator #5/INFO]: UUID of player juanchopepito2 is 40389a6e-ea9b-3aba-9268-250987e03088
[00:48:55] [Server thread/INFO]: juanchopepito2 joined the game
[00:48:55] [Server thread/INFO]: juanchopepito2[/127.209.152.144:33525] logged in with entity id 68836 at ([world]-179.55888882179593, 64.6906999805212, -1345.0462954499064)
[00:48:59] [Server thread/INFO]: juanchopepito2 lost connection: Disconnected
[00:48:59] [Server thread/INFO]: juanchopepito2 left the game
[00:49:40] [Server thread/INFO]: Stopping the server
[00:49:40] [Server thread/INFO]: Stopping server
[00:49:40] [Server thread/INFO]: [ClickTpa] Disabling ClickTpa v1.7.7
[00:49:40] [Server thread/INFO]: [SkinsRestorer] Disabling SkinsRestorer v15.7.9
[00:49:40] [Server thread/INFO]: [LuckPerms] Disabling LuckPerms v5.5.0
[00:49:40] [Server thread/INFO]: [LuckPerms] Starting shutdown process...
[00:49:40] [Server thread/INFO]: [LuckPerms] Closing storage...
[00:49:40] [Server thread/INFO]: [LuckPerms] Goodbye!
[00:49:40] [Server thread/INFO]: [Geyser-Spigot] Disabling Geyser-Spigot v2.8.2-SNAPSHOT
[00:49:40] [Server thread/INFO]: [Geyser-Spigot] Shutting down Geyser.
[00:49:41] [Server thread/INFO]: [Geyser-Spigot] Geyser shutdown successfully.
[00:49:41] [Server thread/INFO]: [HealthBar-Reloaded] Disabling HealthBar-Reloaded v2.0.4.2
[00:49:41] [Server thread/INFO]: HealthBar disabled: all the health bars have been removed.
[00:49:41] [Server thread/INFO]: [SmoothTimber] Disabling SmoothTimber v1.27.5
[00:49:41] [Server thread/INFO]: [ViaBackwards] Disabling ViaBackwards v5.4.1
[00:49:41] [Server thread/INFO]: [floodgate] Disabling floodgate v2.2.4-SNAPSHOT (b117-b469c0c)
[00:49:41] [Server thread/INFO]: [ViaVersion] Disabling ViaVersion v5.4.1
[00:49:41] [Server thread/INFO]: [ViaVersion] ViaVersion has been disabled; uninjected the platform and shut down the scheduler.
[00:49:41] [Server thread/INFO]: Saving players
[00:49:41] [Server thread/INFO]: Geruu lost connection: Server closed
[00:49:41] [Server thread/INFO]: Geruu left the game
[00:49:41] [WebSocketConnectReadThread-1339/INFO]: [Geyser-Spigot] The skin uploader has been closed
[00:49:41] [Server thread/INFO]: Saving worlds
[00:49:41] [Server thread/INFO]: Saving chunks for level 'ServerLevel[world]'/minecraft:overworld
[00:49:41] [Server thread/INFO]: [ChunkHolderManager] Waiting 60s for chunk system to halt for world 'world'
[00:49:41] [Server thread/INFO]: [ChunkHolderManager] Halted chunk system for world 'world'
[00:49:41] [Server thread/INFO]: [ChunkHolderManager] Saving all chunkholders for world 'world'
[00:49:42] [Server thread/INFO]: [ChunkHolderManager] Saved 739 block chunks, 833 entity chunks, 1 poi chunks in world 'world' in 1.19s
[00:49:42] [Server thread/INFO]: [ChunkHolderManager] Waiting 60s for chunk I/O to halt for world 'world'
[00:49:42] [Server thread/INFO]: [ChunkHolderManager] Halted I/O scheduler for world 'world'
[00:49:42] [Server thread/INFO]: Saving chunks for level 'ServerLevel[world_nether]'/minecraft:the_nether
[00:49:42] [Server thread/INFO]: [ChunkHolderManager] Waiting 60s for chunk system to halt for world 'world_nether'
[00:49:42] [Server thread/INFO]: [ChunkHolderManager] Halted chunk system for world 'world_nether'
[00:49:42] [Server thread/INFO]: [ChunkHolderManager] Saving all chunkholders for world 'world_nether'
[00:49:42] [Server thread/INFO]: [ChunkHolderManager] Saved 6 block chunks, 30 entity chunks, 0 poi chunks in world 'world_nether' in 0.02s
[00:49:42] [Server thread/INFO]: [ChunkHolderManager] Waiting 60s for chunk I/O to halt for world 'world_nether'
[00:49:42] [Server thread/INFO]: [ChunkHolderManager] Halted I/O scheduler for world 'world_nether'
[00:49:42] [Server thread/INFO]: Saving chunks for level 'ServerLevel[world_the_end]'/minecraft:the_end
[00:49:42] [Server thread/INFO]: [ChunkHolderManager] Waiting 60s for chunk system to halt for world 'world_the_end'
[00:49:42] [Server thread/INFO]: [ChunkHolderManager] Halted chunk system for world 'world_the_end'
[00:49:42] [Server thread/INFO]: [ChunkHolderManager] Saving all chunkholders for world 'world_the_end'
[00:49:42] [Server thread/INFO]: [ChunkHolderManager] Saved 0 block chunks, 0 entity chunks, 0 poi chunks in world 'world_the_end' in 0.00s
[00:49:42] [Server thread/INFO]: [ChunkHolderManager] Waiting 60s for chunk I/O to halt for world 'world_the_end'
[00:49:42] [Server thread/INFO]: [ChunkHolderManager] Halted I/O scheduler for world 'world_the_end'
[00:49:42] [Server thread/INFO]: ThreadedAnvilChunkStorage (world): All chunks are saved
[00:49:42] [Server thread/INFO]: ThreadedAnvilChunkStorage (DIM-1): All chunks are saved
[00:49:42] [Server thread/INFO]: ThreadedAnvilChunkStorage (DIM1): All chunks are saved
[00:49:42] [Server thread/INFO]: ThreadedAnvilChunkStorage: All dimensions are saved
[00:49:42] [Server thread/INFO]: Waiting for I/O tasks to complete...
[00:49:42] [Server thread/INFO]: All I/O tasks to complete
[00:49:42] [Server thread/INFO]: [MoonriseCommon] Awaiting termination of worker pool for up to 60s...
[00:49:42] [Server thread/INFO]: [MoonriseCommon] Awaiting termination of I/O pool for up to 60s...
